
2025-10-12 14:20:52 [INFO] Iniciando proceso de ejecucion automatizada
2025-10-12 14:20:52 [INFO] Directorio de trabajo: C:\Users\Lenovo\Documents\GitHub\Algoritmos-de-ML-no-supervisados-para-PdM
2025-10-12 14:20:52 [INFO] Archivo de log: .\ejecucion_2025-10-12_14-20-52.log
2025-10-12 14:20:52 [SUCCESS] Entorno virtual encontrado: C:\Users\Lenovo\Documents\GitHub\Algoritmos-de-ML-no-supervisados-para-PdM\.venv\Scripts\python.exe
2025-10-12 14:20:52 [SUCCESS]   [OK] numpy
2025-10-12 14:20:53 [SUCCESS]   [OK] pandas
2025-10-12 14:20:54 [SUCCESS]   [OK] sklearn
2025-10-12 14:20:54 [SUCCESS]   [OK] matplotlib
2025-10-12 14:20:56 [SUCCESS]   [OK] pyod
2025-10-12 14:20:56 [SUCCESS]   [OK] joblib
2025-10-12 14:20:56 [SUCCESS]   [OK] h5py
2025-10-12 14:20:57 [SUCCESS]   [OK] scipy
2025-10-12 14:20:57 [SUCCESS]   [OK] numba
2025-10-12 14:20:57 [SUCCESS] Todas las dependencias estan instaladas
2025-10-12 14:20:57 [INFO] Iniciando K-Means
2025-10-12 14:21:23 [SUCCESS] K-Means completado exitosamente
2025-10-12 14:21:23 [INFO] Iniciando DBSCAN
2025-10-12 14:25:41 [SUCCESS] DBSCAN completado exitosamente
2025-10-12 14:25:41 [INFO] Iniciando Isolation Forest
2025-10-12 14:26:01 [SUCCESS] Isolation Forest completado exitosamente
2025-10-12 14:26:01 [INFO] Iniciando CBLOF
2025-10-12 14:26:27 [SUCCESS] CBLOF completado exitosamente
2025-10-12 14:26:27 [INFO] Iniciando Comparacion de Clustering
2025-10-12 14:26:34 [SUCCESS] Comparacion de Clustering completado exitosamente
2025-10-12 14:26:34 [INFO] Iniciando Comparacion de Deteccion de Anomalias
2025-10-12 14:26:40 [SUCCESS] Comparacion de Deteccion de Anomalias completado exitosamente
2025-10-12 14:26:40 [SUCCESS] Proceso de ejecucion automatizada finalizado
