Iniciando proceso de detección de anomalías con Isolation Forest...
Datos cargados: 518400 registros
Datos preprocesados: (518400, 4)
Características utilizadas: ['acceleration_x', 'acceleration_y', 'acceleration_z', 'magnitud_aceleracion']
Datos escalados correctamente
Reducción de dimensionalidad completada: (518400, 3)
Iniciando búsqueda de mejores parámetros...
Parámetros: {'contamination': 0.1, 'max_features': 1.0, 'max_samples': 'auto', 'n_estimators': 50}
Anomalías detectadas: 500 (10.00%)
Separación scores (P95-P50): 0.3883
Std scores: 0.2024
Mejores parámetros encontrados: {'contamination': 0.1, 'max_features': 1.0, 'max_samples': 'auto', 'n_estimators': 50}
Mejor separación de scores: 0.3883
Aplicando mejores parámetros al dataset completo...
Detección completada: 51839 anomalías (10.00%)
Métricas guardadas en C:\Users\Lenovo\Documents\GitHub\Algoritmos-de-ML-no-supervisados-para-PdM\deteccion_anomalias\Isolation Forest\metricas_IForest\metrics.txt
Modelo guardado en formatos pickle y HDF5
Escalador guardado en C:\Users\Lenovo\Documents\GitHub\Algoritmos-de-ML-no-supervisados-para-PdM\deteccion_anomalias\Isolation Forest\modelos_entrenados_IForest\scaler.pkl
Tiempo total de ejecucion: 13.71 segundos
Memoria maxima utilizada: 64.12 MB
Gráficos generados y guardados
Anomalías guardadas en C:\Users\Lenovo\Documents\GitHub\Algoritmos-de-ML-no-supervisados-para-PdM\deteccion_anomalias\Isolation Forest\metricas_IForest\anomalies.csv
Métricas CSV guardadas en C:\Users\Lenovo\Documents\GitHub\Algoritmos-de-ML-no-supervisados-para-PdM\deteccion_anomalias\Isolation Forest\metricas_IForest\metrics.csv
Proceso completado exitosamente
