=== INICIANDO PROCESO DE CLUSTERING DBSCAN ===
Archivo CSV cargado exitosamente:
  - Dimensiones: 518400 filas x 4 columnas
  - Columnas cargadas: ['fecha', 'acceleration_x', 'acceleration_y', 'acceleration_z']
  - Tipos de datos por columna:
    • fecha: datetime64[ns]
    • acceleration_x: float32
    • acceleration_y: float32
    • acceleration_z: float32
  - Primeras 3 filas de datos:
    Fila 1: {'fecha': Timestamp('2025-01-01 00:00:00'), 'acceleration_x': 2.102560520172119, 'acceleration_y': 10.213203430175781, 'acceleration_z': -2.059213161468506}
    Fila 2: {'fecha': Timestamp('2025-01-01 00:00:05'), 'acceleration_x': 2.102633237838745, 'acceleration_y': 12.161409378051758, 'acceleration_z': -2.2197675704956055}
    Fila 3: {'fecha': Timestamp('2025-01-01 00:00:10'), 'acceleration_x': 0.3403279185295105, 'acceleration_y': 9.105401039123535, 'acceleration_z': 0.7304587364196777}
  - No se encontraron valores faltantes
Datos cargados: 518400 filas
Características base validadas: ['acceleration_x', 'acceleration_y', 'acceleration_z']
Columnas adicionales encontradas: ['fecha']
Limpieza de datos:
  - Filas originales: 518400
  - Filas eliminadas por valores faltantes: 0
  - Filas restantes: 518400
Característica derivada añadida: 'magnitud_aceleracion'
Estadísticas de características para clustering:
  - acceleration_x:
    • Min: -4.1820
    • Max: 3.9978
    • Media: -0.0947
    • Desv. Estándar: 2.3336
  - acceleration_y:
    • Min: 5.2126
    • Max: 14.0532
    • Media: 9.6342
    • Desv. Estándar: 2.5221
  - acceleration_z:
    • Min: -3.7873
    • Max: 2.5047
    • Media: -0.6398
    • Desv. Estándar: 1.7959
  - magnitud_aceleracion:
    • Min: 5.2286
    • Max: 15.1160
    • Media: 10.1243
    • Desv. Estándar: 2.4015
Matriz de características creada: (518400, 4)
Datos normalizados al rango [0, 1] correctamente
Dataset reducido para optimización: 518400 -> 5000 muestras
Grilla de parámetros generada: 50 combinaciones
Iniciando búsqueda de mejores parámetros...
Total de combinaciones a evaluar: 50
Tamaño de datos para optimización: (5000, 4)
Número de trabajos paralelos: 2
Combinaciones válidas encontradas: 6/50
Mejor resultado encontrado:
  - Parámetros: eps=0.010, min_samples=3
  - Silhouette Score: 0.9877
Búsqueda de parámetros completada
Aplicando mejores parámetros al dataset completo...

=== MEJORES RESULTADOS ===
Parámetros óptimos: eps=0.010, min_samples=3
Clusters encontrados: 30034
Puntos de ruido: 151432
Coeficiente Silhouette: -0.3210
Calinski-Harabasz: 87.7703
Davies-Bouldin: 0.8273
Métricas guardadas en: C:\Users\Lenovo\Documents\GitHub\Algoritmos-de-ML-no-supervisados-para-PdM\clustering\DBSCAN\metricas_DBSCAN\metrics.txt
Modelo guardado en formato pickle: C:\Users\Lenovo\Documents\GitHub\Algoritmos-de-ML-no-supervisados-para-PdM\clustering\DBSCAN\modelos_entrenados_DBSCAN\dbscan_model.pkl
Escalador guardado en C:\Users\Lenovo\Documents\GitHub\Algoritmos-de-ML-no-supervisados-para-PdM\clustering\DBSCAN\modelos_entrenados_DBSCAN\scaler.pkl
Parámetros del modelo guardados en HDF5: C:\Users\Lenovo\Documents\GitHub\Algoritmos-de-ML-no-supervisados-para-PdM\clustering\DBSCAN\modelos_entrenados_DBSCAN\dbscan_model.h5
Tiempo total de ejecucion: 140.22 segundos
Memoria maxima utilizada: 20708.87 MB
Dataset reducido para visualización: 518400 -> 3000 muestras
Visualización 3D guardada en C:\Users\Lenovo\Documents\GitHub\Algoritmos-de-ML-no-supervisados-para-PdM\clustering\DBSCAN\graficas_DBSCAN\clusters_3d_pca.png
Dataset grande detectado (518400 puntos), usando procesamiento por batches...
Visualización de anomalías generada exitosamente
Visualización de anomalías generada
Dataset grande detectado (518400 puntos), usando procesamiento por batches...
Scores de todos los puntos guardados en: C:\Users\Lenovo\Documents\GitHub\Algoritmos-de-ML-no-supervisados-para-PdM\clustering\DBSCAN\metricas_DBSCAN\anomaly_scores.csv
Métricas CSV guardadas en: C:\Users\Lenovo\Documents\GitHub\Algoritmos-de-ML-no-supervisados-para-PdM\clustering\DBSCAN\metricas_DBSCAN\metrics.csv
Anomalías guardadas en: C:\Users\Lenovo\Documents\GitHub\Algoritmos-de-ML-no-supervisados-para-PdM\clustering\DBSCAN\metricas_DBSCAN\anomalies.csv
Total de anomalías detectadas: 151432
Score promedio de anomalías: 0.2801
Score máximo de anomalía: 1.0000

=== PROCESO COMPLETADO EXITOSAMENTE ===
